[    0.000000] Booting Linux on physical CPU 0xf00
[    0.000000] Linux version 6.12.87-dirty (prasanth@change) (arm-linux-gnueabi-gcc (Ubuntu 11.4.0-1ubuntu1~22.04.3) 11.4.0, GNU ld (GNU Binutils for Ubuntu) 2.38) #1 SMP Tue May 12 11:03:19 IST 2026
[    0.000000] CPU: ARMv7 Processor [410fc075] revision 5 (ARMv7), cr=10c5387d
[    0.000000] CPU: div instructions available: patching division code
[    0.000000] CPU: PIPT / VIPT nonaliasing data cache, VIPT aliasing instruction cache
[    0.000000] OF: fdt: Machine model: ASRock Rack B650D4U BMC
[    0.000000] earlycon: ns16550a0 at MMIO 0x1e784000 (options '115200n8')
[    0.000000] printk: legacy bootconsole [ns16550a0] enabled
[    0.000000] Memory policy: Data cache writealloc
[    0.000000] cma: Reserved 64 MiB at 0x9c000000 on node -1
[    0.000000] Zone ranges:
[    0.000000]   Normal   [mem 0x0000000080000000-0x000000009fffffff]
[    0.000000]   HighMem  empty
[    0.000000] Movable zone start for each node
[    0.000000] Early memory node ranges
[    0.000000]   node   0: [mem 0x0000000080000000-0x000000009fffffff]
[    0.000000] Initmem setup node 0 [mem 0x0000000080000000-0x000000009fffffff]
[    0.000000] OF: reserved mem: Reserved memory: No reserved-memory node in the DT
[    0.000000] percpu: Embedded 17 pages/cpu s40140 r8192 d21300 u69632
[    0.000000] Kernel command line: console=ttyS4,115200n8 earlycon root=/dev/ram rebootstrap
[    0.000000] Unknown kernel command line parameters "rebootstrap", will be passed to user space.
[    0.000000] Dentry cache hash table entries: 65536 (order: 6, 262144 bytes, linear)
[    0.000000] Inode-cache hash table entries: 32768 (order: 5, 131072 bytes, linear)
[    0.000000] Built 1 zonelists, mobility grouping on.  Total pages: 131072
[    0.000000] mem auto-init: stack:off, heap alloc:off, heap free:off
[    0.000000] SLUB: HWalign=64, Order=0-3, MinObjects=0, CPUs=2, Nodes=1
[    0.000000] rcu: Hierarchical RCU implementation.
[    0.000000] rcu: 	RCU event tracing is enabled.
[    0.000000] rcu: 	RCU restricting CPUs from NR_CPUS=16 to nr_cpu_ids=2.
[    0.000000] 	Tracing variant of Tasks RCU enabled.
[    0.000000] rcu: RCU calculated value of scheduler-enlistment delay is 10 jiffies.
[    0.000000] rcu: Adjusting geometry for rcu_fanout_leaf=16, nr_cpu_ids=2
[    0.000000] RCU Tasks Trace: Setting shift to 1 and lim to 1 rcu_task_cb_adjust=1 rcu_task_cpu_ids=2.
[    0.000000] NR_IRQS: 16, nr_irqs: 16, preallocated irqs: 16
[    0.000000] rcu: srcu_init: Setting srcu_struct sizes based on contention.
[    0.000000] arch_timer: cp15 timer(s) running at 1125.00MHz (phys).
[    0.000000] clocksource: arch_sys_counter: mask: 0x1fffffffffffffff max_cycles: 0x103759ff175, max_idle_ns: 440795256579 ns
[    0.000196] sched_clock: 61 bits at 1125MHz, resolution 0ns, wraps every 2199023255551ns
[    0.001062] Switching to timer-based delay loop, resolution 0ns
[    0.015061] Console: colour dummy device 80x30
[    0.018315] Calibrating delay loop (skipped), value calculated using timer frequency.. 2250.00 BogoMIPS (lpj=11250000)
[    0.019401] CPU: Testing write buffer coherency: ok
[    0.022157] pid_max: default: 32768 minimum: 301
[    0.025725] Mount-cache hash table entries: 1024 (order: 0, 4096 bytes, linear)
[    0.026376] Mountpoint-cache hash table entries: 1024 (order: 0, 4096 bytes, linear)
[    0.059540] /cpus/cpu@f00 missing clock-frequency property
[    0.060221] /cpus/cpu@f01 missing clock-frequency property
[    0.060851] CPU0: thread -1, cpu 0, socket 15, mpidr 80000f00
[    0.082223] Setting up static identity map for 0x80100000 - 0x80100060
[    0.084849] rcu: Hierarchical SRCU implementation.
[    0.085288] rcu: 	Max phase no-delay instances is 1000.
[    0.089210] Timer migration: 1 hierarchy levels; 8 children per group; 1 crossnode level
[    0.093656] ASPEED AST2600 rev A3 (05030303)
[    0.095434] smp: Bringing up secondary CPUs ...
[    0.106496] CPU1: thread -1, cpu 1, socket 15, mpidr 80000f01
[    0.114245] smp: Brought up 1 node, 2 CPUs
[    0.115029] SMP: Total of 2 processors activated (4500.00 BogoMIPS).
[    0.115485] CPU: All CPU(s) started in HYP mode.
[    0.115793] CPU: Virtualization extensions available.
[    0.130645] Memory: 432744K/524288K available (11647K kernel code, 1549K rwdata, 3460K rodata, 1024K init, 309K bss, 24292K reserved, 65536K cma-reserved, 0K highmem)
[    0.144357] devtmpfs: initialized
[    0.182963] VFP support v0.3: implementor 41 architecture 2 part 30 variant 7 rev 5
[    0.210289] clocksource: jiffies: mask: 0xffffffff max_cycles: 0xffffffff, max_idle_ns: 19112604462750000 ns
[    0.211707] futex hash table entries: 512 (order: 3, 32768 bytes, linear)
[    0.223501] pinctrl core: initialized pinctrl subsystem
[    0.266393] NET: Registered PF_NETLINK/PF_ROUTE protocol family
[    0.290261] DMA: preallocated 256 KiB pool for atomic coherent allocations
[    0.298406] thermal_sys: Registered thermal governor 'step_wise'
[    0.299076] cpuidle: using governor menu
[    0.302163] hw-breakpoint: CPU 0 debug is powered down!
[    0.327951] /ahb/interrupt-controller@40461000: Fixed dependency cycle(s) with /ahb/interrupt-controller@40461000
[    0.397570] iommu: Default domain type: Translated
[    0.399581] iommu: DMA domain TLB invalidation policy: strict mode
[    0.405759] SCSI subsystem initialized
[    0.412427] pps_core: LinuxPPS API ver. 1 registered
[    0.415300] pps_core: Software ver. 5.3.6 - Copyright 2005-2007 Rodolfo Giometti <giometti@linux.it>
[    0.416172] PTP clock support registered
[    0.417033] scmi_core: SCMI protocol bus registered
[    0.450732] vgaarb: loaded
[    0.465019] clocksource: Switched to clocksource arch_sys_counter
[    0.525028] NET: Registered PF_INET protocol family
[    0.528613] IP idents hash table entries: 8192 (order: 4, 65536 bytes, linear)
[    0.542280] tcp_listen_portaddr_hash hash table entries: 512 (order: 0, 4096 bytes, linear)
[    0.543235] Table-perturb hash table entries: 65536 (order: 6, 262144 bytes, linear)
[    0.544790] TCP established hash table entries: 4096 (order: 2, 16384 bytes, linear)
[    0.545853] TCP bind hash table entries: 4096 (order: 4, 65536 bytes, linear)
[    0.546830] TCP: Hash tables configured (established 4096 bind 4096)
[    0.548722] UDP hash table entries: 256 (order: 1, 8192 bytes, linear)
[    0.549694] UDP-Lite hash table entries: 256 (order: 1, 8192 bytes, linear)
[    0.552835] NET: Registered PF_UNIX/PF_LOCAL protocol family
[    0.566281] RPC: Registered named UNIX socket transport module.
[    0.567596] RPC: Registered udp transport module.
[    0.568466] RPC: Registered tcp transport module.
[    0.569296] RPC: Registered tcp-with-tls transport module.
[    0.570170] RPC: Registered tcp NFSv4.1 backchannel transport module.
[    0.571423] PCI: CLS 0 bytes, default 64
[    0.576905] Initialise system trusted keyrings
[    0.606026] workingset: timestamp_bits=30 max_order=17 bucket_order=0
[    0.619953] squashfs: version 4.0 (2009/01/31) Phillip Lougher
[    0.636076] NFS: Registering the id_resolver key type
[    0.639322] Key type id_resolver registered
[    0.641333] Key type id_legacy registered
[    0.643958] nfs4filelayout_init: NFSv4 File Layout Driver Registering...
[    0.646519] nfs4flexfilelayout_init: NFSv4 Flexfile Layout Driver Registering...
[    0.653717] Key type asymmetric registered
[    0.655000] Asymmetric key parser 'x509' registered
[    0.657989] Block layer SCSI generic (bsg) driver version 0.4 loaded (major 248)
[    0.661024] io scheduler mq-deadline registered
[    0.661523] io scheduler kyber registered
[    0.662109] io scheduler bfq registered
[    1.049962] Serial: 8250/16550 driver, 5 ports, IRQ sharing enabled
[    1.077357] printk: legacy console [ttyS4] disabled
[    1.085143] 1e784000.serial: ttyS4 at MMIO 0x1e784000 (irq = 31, base_baud = 1500000) is a 16550A
[    1.090566] printk: legacy console [ttyS4] enabled
[    1.090566] printk: legacy console [ttyS4] enabled
[    1.092206] printk: legacy bootconsole [ns16550a0] disabled
[    1.092206] printk: legacy bootconsole [ns16550a0] disabled
[    1.105662] STMicroelectronics ASC driver initialized
[    1.212115] brd: module loaded
[    1.240074] loop: module loaded
[    1.266005] e1000e: Intel(R) PRO/1000 Network Driver
[    1.267170] e1000e: Copyright(c) 1999 - 2015 Intel Corporation.
[    1.269413] igb: Intel(R) Gigabit Ethernet Network Driver
[    1.270008] igb: Copyright (c) 2007-2014 Intel Corporation.
[    1.277129] i2c_dev: i2c /dev entries driver
[    1.290537] NET: Registered PF_INET6 protocol family
[    1.312762] Segment Routing with IPv6
[    1.313473] In-situ OAM (IOAM) with IPv6
[    1.314990] sit: IPv6, IPv4 and MPLS over IPv4 tunneling driver
[    1.322519] NET: Registered PF_PACKET protocol family
[    1.327144] Key type dns_resolver registered
[    1.330038] ThumbEE CPU extension supported.
[    1.330989] Registering SWP/SWPB emulation handler
[    1.363634] Loading compiled-in X.509 certificates
[    1.993764] clk: Disabling unused clocks
[    1.995967] PM: genpd: Disabling unused power domains
[    2.037668] ntfs3(ram0): Primary boot signature is not NTFS.
[    2.038561] ntfs3(ram0): try to read out of volume at offset 0x3fffe00
[    2.039941] ntfs3(ram0): Primary boot signature is not NTFS.
[    2.040396] ntfs3(ram0): try to read out of volume at offset 0x3fffe00
[    2.040902] List of all partitions:
[    2.041482] 0100           65536 ram0 
[    2.041535]  (driver?)
[    2.041956] 0101           65536 ram1 
[    2.041981]  (driver?)
[    2.042363] 0102           65536 ram2 
[    2.042386]  (driver?)
[    2.042755] 0103           65536 ram3 
[    2.042779]  (driver?)
[    2.043404] 0104           65536 ram4 
[    2.043430]  (driver?)
[    2.043816] 0105           65536 ram5 
[    2.043839]  (driver?)
[    2.044247] 0106           65536 ram6 
[    2.044550]  (driver?)
[    2.044943] 0107           65536 ram7 
[    2.044976]  (driver?)
[    2.046008] 0108           65536 ram8 
[    2.046180]  (driver?)
[    2.046622] 0109           65536 ram9 
[    2.046649]  (driver?)
[    2.047044] 010a           65536 ram10 
[    2.047069]  (driver?)
[    2.047516] 010b           65536 ram11 
[    2.047543]  (driver?)
[    2.048829] 010c           65536 ram12 
[    2.048865]  (driver?)
[    2.049281] 010d           65536 ram13 
[    2.049304]  (driver?)
[    2.049700] 010e           65536 ram14 
[    2.049724]  (driver?)
[    2.050128] 010f           65536 ram15 
[    2.050152]  (driver?)
[    2.050655] No filesystem could mount root, tried: 
[    2.050692]  ext3
[    2.051039]  ext2
[    2.051153]  ext4
[    2.051264]  squashfs
[    2.051375]  vfat
[    2.051499]  msdos
[    2.051611]  ntfs
[    2.051735]  ntfs3
[    2.051876] 
[    2.052376] Kernel panic - not syncing: VFS: Unable to mount root fs on "/dev/ram" or unknown-block(1,0)
[    2.053672] CPU: 1 UID: 0 PID: 1 Comm: swapper/0 Not tainted 6.12.87-dirty #1
[    2.055440] Hardware name: Generic DT based system
[    2.055965] Call trace: 
[    2.057973]  unwind_backtrace from show_stack+0x10/0x14
[    2.059463]  show_stack from dump_stack_lvl+0x50/0x64
[    2.059814]  dump_stack_lvl from panic+0x10c/0x384
[    2.060213]  panic from mount_root_generic+0x26c/0x278
[    2.060602]  mount_root_generic from prepare_namespace+0x1fc/0x258
[    2.061000]  prepare_namespace from kernel_init+0x1c/0x12c
[    2.061339]  kernel_init from ret_from_fork+0x14/0x28
[    2.061671] Exception stack(0xe0815fb0 to 0xe0815ff8)
[    2.062100] 5fa0:                                     00000000 00000000 00000000 00000000
[    2.062642] 5fc0: 00000000 00000000 00000000 00000000 00000000 00000000 00000000 00000000
[    2.063405] 5fe0: 00000000 00000000 00000000 00000000 00000013 00000000
[    2.065631] ---[ end Kernel panic - not syncing: VFS: Unable to mount root fs on "/dev/ram" or unknown-block(1,0) ]---
